# github.com/decodejatin/bero-backend/config
config\config.go:5:2: "strconv" imported and not used
